This file contains any messages produced by compilers while
running configure, to aid debugging if configure makes a mistake.

It was created by libblkmaker configure 0.6.0, which was
generated by GNU Autoconf 2.69.  Invocation command line was

  $ ./configure 

## --------- ##
## Platform. ##
## --------- ##

hostname = RyanMac.local
uname -m = x86_64
uname -r = 16.7.0
uname -s = Darwin
uname -v = Darwin Kernel Version 16.7.0: Thu Jun 15 17:36:27 PDT 2017; root:xnu-3789.70.16~2/RELEASE_X86_64

/usr/bin/uname -p = i386
/bin/uname -X     = unknown

/bin/arch              = unknown
/usr/bin/arch -k       = unknown
/usr/convex/getsysinfo = unknown
/usr/bin/hostinfo      = Mach kernel version:
	 Darwin Kernel Version 16.7.0: Thu Jun 15 17:36:27 PDT 2017; root:xnu-3789.70.16~2/RELEASE_X86_64
Kernel configured for up to 4 processors.
2 processors are physically available.
4 processors are logically available.
Processor type: i486 (Intel 80486)
Processors active: 0 1 2 3
Primary memory available: 4.00 gigabytes
Default processor set: 285 tasks, 1187 threads, 4 processors
Load average: 1.67, Mach factor: 2.32
/bin/machine           = unknown
/usr/bin/oslevel       = unknown
/bin/universe          = unknown

PATH: /Users/ryanhuh/.cargo/bin
PATH: /usr/local/go/bin
PATH: /Users/ryanhuh/.nvm/versions/node/v4.8.7/bin
PATH: /Users/ryanhuh/DEV/mongodb/bin
PATH: /usr/local/Cellar/ruby/2.5.0_2/bin
PATH: /usr/local/bin/git
PATH: /usr/local/bin
PATH: /usr/bin
PATH: /bin
PATH: /usr/sbin
PATH: /sbin
PATH: /usr/local/share/dotnet
PATH: /usr/local/go/bin
PATH: /Library/Frameworks/Mono.framework/Versions/Current/Commands
PATH: /Applications/Xamarin Workbooks.app/Contents/SharedSupport/path-bin


## ----------- ##
## Core tests. ##
## ----------- ##

configure:2205: checking for a BSD-compatible install
configure:2273: result: /usr/local/bin/ginstall -c
configure:2284: checking whether build environment is sane
configure:2339: result: yes
configure:2490: checking for a thread-safe mkdir -p
configure:2529: result: /usr/local/bin/gmkdir -p
configure:2536: checking for gawk
configure:2566: result: no
configure:2536: checking for mawk
configure:2566: result: no
configure:2536: checking for nawk
configure:2566: result: no
configure:2536: checking for awk
configure:2552: found /usr/bin/awk
configure:2563: result: awk
configure:2574: checking whether make sets $(MAKE)
configure:2596: result: yes
configure:2625: checking whether make supports nested variables
configure:2642: result: yes
configure:2779: checking whether make supports nested variables
configure:2796: result: yes
configure:2812: checking whether make supports the include directive
configure:2827: make -f confmf.GNU && cat confinc.out
this is the am__doit target
configure:2830: $? = 0
configure:2849: result: yes (GNU style)
configure:2919: checking for gcc
configure:2935: found /usr/bin/gcc
configure:2946: result: gcc
configure:3175: checking for C compiler version
configure:3184: gcc --version >&5
Apple LLVM version 9.0.0 (clang-900.0.39.2)
Target: x86_64-apple-darwin16.7.0
Thread model: posix
InstalledDir: /Applications/Xcode.app/Contents/Developer/Toolchains/XcodeDefault.xctoolchain/usr/bin
Configured with: --prefix=/Applications/Xcode.app/Contents/Developer/usr --with-gxx-include-dir=/usr/include/c++/4.2.1
configure:3195: $? = 0
configure:3184: gcc -v >&5
Configured with: --prefix=/Applications/Xcode.app/Contents/Developer/usr --with-gxx-include-dir=/usr/include/c++/4.2.1
Apple LLVM version 9.0.0 (clang-900.0.39.2)
Target: x86_64-apple-darwin16.7.0
Thread model: posix
InstalledDir: /Applications/Xcode.app/Contents/Developer/Toolchains/XcodeDefault.xctoolchain/usr/bin
configure:3195: $? = 0
configure:3184: gcc -V >&5
clang: error: argument to '-V' is missing (expected 1 value)
clang: error: no input files
configure:3195: $? = 1
configure:3184: gcc -qversion >&5
clang: error: unknown argument: '-qversion'
clang: error: no input files
configure:3195: $? = 1
configure:3215: checking whether the C compiler works
configure:3237: gcc    conftest.c  >&5
configure:3241: $? = 0
configure:3289: result: yes
configure:3292: checking for C compiler default output file name
configure:3294: result: a.out
configure:3300: checking for suffix of executables
configure:3307: gcc -o conftest    conftest.c  >&5
configure:3311: $? = 0
configure:3333: result: 
configure:3355: checking whether we are cross compiling
configure:3363: gcc -o conftest    conftest.c  >&5
configure:3367: $? = 0
configure:3374: ./conftest
configure:3378: $? = 0
configure:3393: result: no
configure:3398: checking for suffix of object files
configure:3420: gcc -c   conftest.c >&5
configure:3424: $? = 0
configure:3445: result: o
configure:3449: checking whether we are using the GNU C compiler
configure:3468: gcc -c   conftest.c >&5
configure:3468: $? = 0
configure:3477: result: yes
configure:3486: checking whether gcc accepts -g
configure:3506: gcc -c -g  conftest.c >&5
configure:3506: $? = 0
configure:3547: result: yes
configure:3564: checking for gcc option to accept ISO C89
configure:3627: gcc  -c -g -O2  conftest.c >&5
configure:3627: $? = 0
configure:3640: result: none needed
configure:3665: checking whether gcc understands -c and -o together
configure:3687: gcc -c conftest.c -o conftest2.o
configure:3690: $? = 0
configure:3687: gcc -c conftest.c -o conftest2.o
configure:3690: $? = 0
configure:3702: result: yes
configure:3721: checking dependency style of gcc
configure:3832: result: gcc3
configure:3847: checking for gcc option to accept ISO C99
configure:3996: gcc  -c -g -O2  conftest.c >&5
configure:3996: $? = 0
configure:4009: result: none needed
configure:4074: checking for ar
configure:4090: found /usr/bin/ar
configure:4101: result: ar
configure:4127: checking the archiver (ar) interface
configure:4143: gcc -c -g -O2  conftest.c >&5
configure:4143: $? = 0
configure:4145: ar cru libconftest.a conftest.o >&5
configure:4148: $? = 0
configure:4176: result: ar
configure:4225: checking build system type
configure:4239: result: x86_64-apple-darwin16.7.0
configure:4259: checking host system type
configure:4272: result: x86_64-apple-darwin16.7.0
configure:4313: checking how to print strings
configure:4340: result: printf
configure:4361: checking for a sed that does not truncate output
configure:4425: result: /usr/bin/sed
configure:4443: checking for grep that handles long lines and -e
configure:4501: result: /usr/bin/grep
configure:4506: checking for egrep
configure:4568: result: /usr/bin/grep -E
configure:4573: checking for fgrep
configure:4635: result: /usr/bin/grep -F
configure:4670: checking for ld used by gcc
configure:4737: result: /Applications/Xcode.app/Contents/Developer/Toolchains/XcodeDefault.xctoolchain/usr/bin/ld
configure:4744: checking if the linker (/Applications/Xcode.app/Contents/Developer/Toolchains/XcodeDefault.xctoolchain/usr/bin/ld) is GNU ld
configure:4759: result: no
configure:4771: checking for BSD- or MS-compatible name lister (nm)
configure:4825: result: /usr/bin/nm -B
configure:4955: checking the name lister (/usr/bin/nm -B) interface
configure:4962: gcc -c -g -O2  conftest.c >&5
configure:4965: /usr/bin/nm -B "conftest.o"
configure:4968: output
00000000000001d0 S _some_variable
configure:4975: result: BSD nm
configure:4978: checking whether ln -s works
configure:4982: result: yes
configure:4990: checking the maximum length of command line arguments
configure:5121: result: 196608
configure:5169: checking how to convert x86_64-apple-darwin16.7.0 file names to x86_64-apple-darwin16.7.0 format
configure:5209: result: func_convert_file_noop
configure:5216: checking how to convert x86_64-apple-darwin16.7.0 file names to toolchain format
configure:5236: result: func_convert_file_noop
configure:5243: checking for /Applications/Xcode.app/Contents/Developer/Toolchains/XcodeDefault.xctoolchain/usr/bin/ld option to reload object files
configure:5250: result: -r
configure:5324: checking for objdump
configure:5340: found /usr/bin/objdump
configure:5351: result: objdump
configure:5383: checking how to recognize dependent libraries
configure:5583: result: pass_all
configure:5668: checking for dlltool
configure:5698: result: no
configure:5728: checking how to associate runtime and link libraries
configure:5755: result: printf %s\n
configure:5879: checking for archiver @FILE support
configure:5896: gcc -c -g -O2  conftest.c >&5
configure:5896: $? = 0
configure:5899: ar cru libconftest.a @conftest.lst >&5
ar: @conftest.lst: No such file or directory
configure:5902: $? = 1
configure:5922: result: no
configure:5980: checking for strip
configure:5996: found /usr/bin/strip
configure:6007: result: strip
configure:6079: checking for ranlib
configure:6095: found /usr/bin/ranlib
configure:6106: result: ranlib
configure:6208: checking command to parse /usr/bin/nm -B output from gcc object
configure:6361: gcc -c -g -O2  conftest.c >&5
configure:6364: $? = 0
configure:6368: /usr/bin/nm -B conftest.o \| sed -n -e 's/^.*[ ]\([BCDEGRST][BCDEGRST]*\)[ ][ ]*\([_A-Za-z][_A-Za-z0-9]*\)$/\1 \2 \2/p' | sed '/ __gnu_lto/d' \> conftest.nm
configure:6371: $? = 0
cannot find nm_test_var in conftest.nm
configure:6361: gcc -c -g -O2  conftest.c >&5
configure:6364: $? = 0
configure:6368: /usr/bin/nm -B conftest.o \| sed -n -e 's/^.*[ ]\([BCDEGRST][BCDEGRST]*\)[ ][ ]*_\([_A-Za-z][_A-Za-z0-9]*\)$/\1 _\2 \2/p' | sed '/ __gnu_lto/d' \> conftest.nm
configure:6371: $? = 0
configure:6437: gcc -o conftest -g -O2   conftest.c conftstm.o >&5
warning: (x86_64)  could not find object file symbol for symbol _main
configure:6440: $? = 0
configure:6478: result: ok
configure:6525: checking for sysroot
configure:6555: result: no
configure:6562: checking for a working dd
configure:6600: result: /bin/dd
configure:6604: checking how to truncate binary pipes
configure:6619: result: /bin/dd bs=4096 count=1
configure:6948: checking for mt
configure:6978: result: no
configure:6998: checking if : is a manifest tool
configure:7004: : '-?'
configure:7012: result: no
configure:7068: checking for dsymutil
configure:7084: found /usr/bin/dsymutil
configure:7095: result: dsymutil
configure:7160: checking for nmedit
configure:7176: found /usr/bin/nmedit
configure:7187: result: nmedit
configure:7252: checking for lipo
configure:7268: found /usr/bin/lipo
configure:7279: result: lipo
configure:7344: checking for otool
configure:7360: found /usr/bin/otool
configure:7371: result: otool
configure:7436: checking for otool64
configure:7466: result: no
configure:7511: checking for -single_module linker flag
gcc -g -O2  -o libconftest.dylib -dynamiclib -Wl,-single_module conftest.c
configure:7544: result: yes
configure:7547: checking for -exported_symbols_list linker flag
configure:7567: gcc -o conftest -g -O2   -Wl,-exported_symbols_list,conftest.sym conftest.c  >&5
configure:7567: $? = 0
configure:7577: result: yes
configure:7580: checking for -force_load linker flag
gcc -g -O2 -c -o conftest.o conftest.c
ar cru libconftest.a conftest.o
ranlib libconftest.a
gcc -g -O2  -o conftest conftest.c -Wl,-force_load,./libconftest.a
configure:7612: result: yes
configure:7689: checking how to run the C preprocessor
configure:7720: gcc -E  conftest.c
configure:7720: $? = 0
configure:7734: gcc -E  conftest.c
conftest.c:11:10: fatal error: 'ac_nonexistent.h' file not found
#include <ac_nonexistent.h>
         ^~~~~~~~~~~~~~~~~~
1 error generated.
configure:7734: $? = 1
configure: failed program was:
| /* confdefs.h */
| #define PACKAGE_NAME "libblkmaker"
| #define PACKAGE_TARNAME "libblkmaker"
| #define PACKAGE_VERSION "0.6.0"
| #define PACKAGE_STRING "libblkmaker 0.6.0"
| #define PACKAGE_BUGREPORT "luke_libblkmaker@dashjr.org"
| #define PACKAGE_URL "http://gitorious.org/bitcoin/libblkmaker"
| #define PACKAGE "libblkmaker"
| #define VERSION "0.6.0"
| /* end confdefs.h.  */
| #include <ac_nonexistent.h>
configure:7759: result: gcc -E
configure:7779: gcc -E  conftest.c
configure:7779: $? = 0
configure:7793: gcc -E  conftest.c
conftest.c:11:10: fatal error: 'ac_nonexistent.h' file not found
#include <ac_nonexistent.h>
         ^~~~~~~~~~~~~~~~~~
1 error generated.
configure:7793: $? = 1
configure: failed program was:
| /* confdefs.h */
| #define PACKAGE_NAME "libblkmaker"
| #define PACKAGE_TARNAME "libblkmaker"
| #define PACKAGE_VERSION "0.6.0"
| #define PACKAGE_STRING "libblkmaker 0.6.0"
| #define PACKAGE_BUGREPORT "luke_libblkmaker@dashjr.org"
| #define PACKAGE_URL "http://gitorious.org/bitcoin/libblkmaker"
| #define PACKAGE "libblkmaker"
| #define VERSION "0.6.0"
| /* end confdefs.h.  */
| #include <ac_nonexistent.h>
configure:7822: checking for ANSI C header files
configure:7842: gcc -c -g -O2  conftest.c >&5
configure:7842: $? = 0
configure:7915: gcc -o conftest -g -O2   conftest.c  >&5
configure:7915: $? = 0
configure:7915: ./conftest
configure:7915: $? = 0
configure:7926: result: yes
configure:7939: checking for sys/types.h
configure:7939: gcc -c -g -O2  conftest.c >&5
configure:7939: $? = 0
configure:7939: result: yes
configure:7939: checking for sys/stat.h
configure:7939: gcc -c -g -O2  conftest.c >&5
configure:7939: $? = 0
configure:7939: result: yes
configure:7939: checking for stdlib.h
configure:7939: gcc -c -g -O2  conftest.c >&5
configure:7939: $? = 0
configure:7939: result: yes
configure:7939: checking for string.h
configure:7939: gcc -c -g -O2  conftest.c >&5
configure:7939: $? = 0
configure:7939: result: yes
configure:7939: checking for memory.h
configure:7939: gcc -c -g -O2  conftest.c >&5
configure:7939: $? = 0
configure:7939: result: yes
configure:7939: checking for strings.h
configure:7939: gcc -c -g -O2  conftest.c >&5
configure:7939: $? = 0
configure:7939: result: yes
configure:7939: checking for inttypes.h
configure:7939: gcc -c -g -O2  conftest.c >&5
configure:7939: $? = 0
configure:7939: result: yes
configure:7939: checking for stdint.h
configure:7939: gcc -c -g -O2  conftest.c >&5
configure:7939: $? = 0
configure:7939: result: yes
configure:7939: checking for unistd.h
configure:7939: gcc -c -g -O2  conftest.c >&5
configure:7939: $? = 0
configure:7939: result: yes
configure:7953: checking for dlfcn.h
configure:7953: gcc -c -g -O2  conftest.c >&5
configure:7953: $? = 0
configure:7953: result: yes
configure:8208: checking for objdir
configure:8223: result: .libs
configure:8483: checking if gcc supports -fno-rtti -fno-exceptions
configure:8501: gcc -c -g -O2  -fno-rtti -fno-exceptions conftest.c >&5
configure:8505: $? = 0
configure:8518: result: yes
configure:8876: checking for gcc option to produce PIC
configure:8883: result: -fno-common -DPIC
configure:8891: checking if gcc PIC flag -fno-common -DPIC works
configure:8909: gcc -c -g -O2  -fno-common -DPIC -DPIC conftest.c >&5
configure:8913: $? = 0
configure:8926: result: yes
configure:8955: checking if gcc static flag -static works
configure:8983: result: no
configure:8998: checking if gcc supports -c -o file.o
configure:9019: gcc -c -g -O2  -o out/conftest2.o conftest.c >&5
configure:9023: $? = 0
configure:9045: result: yes
configure:9053: checking if gcc supports -c -o file.o
configure:9100: result: yes
configure:9133: checking whether the gcc linker (/Applications/Xcode.app/Contents/Developer/Toolchains/XcodeDefault.xctoolchain/usr/bin/ld) supports shared libraries
configure:10392: result: yes
configure:10632: checking dynamic linker characteristics
configure:11450: result: darwin16.7.0 dyld
configure:11572: checking how to hardcode library paths into programs
configure:11597: result: immediate
configure:12145: checking whether stripping libraries is possible
configure:12159: result: yes
configure:12185: checking if libtool supports shared libraries
configure:12187: result: yes
configure:12190: checking whether to build shared libraries
configure:12215: result: yes
configure:12218: checking whether to build static libraries
configure:12222: result: no
configure:12323: checking for pkg-config
configure:12341: found /usr/local/bin/pkg-config
configure:12353: result: /usr/local/bin/pkg-config
configure:12378: checking pkg-config is at least version 0.9.0
configure:12381: result: yes
configure:12391: checking for jansson
configure:12398: $PKG_CONFIG --exists --print-errors "jansson"
configure:12401: $? = 0
configure:12415: $PKG_CONFIG --exists --print-errors "jansson"
configure:12418: $? = 0
configure:12526: result: yes
configure:12537: checking for libbase58
configure:12544: $PKG_CONFIG --exists --print-errors "libbase58"
configure:12547: $? = 0
configure:12561: $PKG_CONFIG --exists --print-errors "libbase58"
configure:12564: $? = 0
configure:12622: result: yes
configure:12627: checking for strchr in -lws2_32
configure:12652: gcc -o conftest -g -O2   conftest.c -lws2_32   >&5
conftest.c:30:6: warning: incompatible redeclaration of library function 'strchr' [-Wincompatible-library-redeclaration]
char strchr ();
     ^
conftest.c:30:6: note: 'strchr' is a builtin with type 'char *(const char *, int)'
1 warning generated.
ld: library not found for -lws2_32
clang: error: linker command failed with exit code 1 (use -v to see invocation)
configure:12652: $? = 1
configure: failed program was:
| /* confdefs.h */
| #define PACKAGE_NAME "libblkmaker"
| #define PACKAGE_TARNAME "libblkmaker"
| #define PACKAGE_VERSION "0.6.0"
| #define PACKAGE_STRING "libblkmaker 0.6.0"
| #define PACKAGE_BUGREPORT "luke_libblkmaker@dashjr.org"
| #define PACKAGE_URL "http://gitorious.org/bitcoin/libblkmaker"
| #define PACKAGE "libblkmaker"
| #define VERSION "0.6.0"
| #define STDC_HEADERS 1
| #define HAVE_SYS_TYPES_H 1
| #define HAVE_SYS_STAT_H 1
| #define HAVE_STDLIB_H 1
| #define HAVE_STRING_H 1
| #define HAVE_MEMORY_H 1
| #define HAVE_STRINGS_H 1
| #define HAVE_INTTYPES_H 1
| #define HAVE_STDINT_H 1
| #define HAVE_UNISTD_H 1
| #define HAVE_DLFCN_H 1
| #define LT_OBJDIR ".libs/"
| /* end confdefs.h.  */
| 
| /* Override any GCC internal prototype to avoid an error.
|    Use char because int might match the return type of a GCC
|    builtin and then its argument prototype would still apply.  */
| #ifdef __cplusplus
| extern "C"
| #endif
| char strchr ();
| int
| main ()
| {
| return strchr ();
|   ;
|   return 0;
| }
configure:12661: result: no
configure:12705: checking for libgcrypt-config
configure:12723: found /usr/local/bin/libgcrypt-config
configure:12736: result: /usr/local/bin/libgcrypt-config
configure:12753: checking for LIBGCRYPT - version >= 1.2.0
configure:12787: result: yes (1.8.2)
configure:12799: checking LIBGCRYPT API version
configure:12802: result: okay
configure:13005: checking that generated files are newer than configure
configure:13011: result: done
configure:13038: creating ./config.status

## ---------------------- ##
## Running config.status. ##
## ---------------------- ##

This file was extended by libblkmaker config.status 0.6.0, which was
generated by GNU Autoconf 2.69.  Invocation command line was

  CONFIG_FILES    = 
  CONFIG_HEADERS  = 
  CONFIG_LINKS    = 
  CONFIG_COMMANDS = 
  $ ./config.status 

on RyanMac.local

config.status:1019: creating Makefile
config.status:1019: creating libblkmaker_jansson-0.1.pc
config.status:1191: executing depfiles commands
config.status:1268: cd .       && sed -e '/# am--include-marker/d' Makefile         | make -f - am--depfiles
make: Nothing to be done for `am--depfiles'.
config.status:1273: $? = 0
config.status:1191: executing libtool commands

## ---------------- ##
## Cache variables. ##
## ---------------- ##

ac_cv_build=x86_64-apple-darwin16.7.0
ac_cv_c_compiler_gnu=yes
ac_cv_env_CC_set=
ac_cv_env_CC_value=
ac_cv_env_CFLAGS_set=
ac_cv_env_CFLAGS_value=
ac_cv_env_CPPFLAGS_set=
ac_cv_env_CPPFLAGS_value=
ac_cv_env_CPP_set=
ac_cv_env_CPP_value=
ac_cv_env_JANSSON_CFLAGS_set=
ac_cv_env_JANSSON_CFLAGS_value=
ac_cv_env_JANSSON_LIBS_set=
ac_cv_env_JANSSON_LIBS_value=
ac_cv_env_LDFLAGS_set=
ac_cv_env_LDFLAGS_value=
ac_cv_env_LIBS_set=
ac_cv_env_LIBS_value=
ac_cv_env_LT_SYS_LIBRARY_PATH_set=
ac_cv_env_LT_SYS_LIBRARY_PATH_value=
ac_cv_env_PKG_CONFIG_LIBDIR_set=
ac_cv_env_PKG_CONFIG_LIBDIR_value=
ac_cv_env_PKG_CONFIG_PATH_set=
ac_cv_env_PKG_CONFIG_PATH_value=
ac_cv_env_PKG_CONFIG_set=
ac_cv_env_PKG_CONFIG_value=
ac_cv_env_build_alias_set=
ac_cv_env_build_alias_value=
ac_cv_env_host_alias_set=
ac_cv_env_host_alias_value=
ac_cv_env_libbase58_CFLAGS_set=
ac_cv_env_libbase58_CFLAGS_value=
ac_cv_env_libbase58_LIBS_set=
ac_cv_env_libbase58_LIBS_value=
ac_cv_env_target_alias_set=
ac_cv_env_target_alias_value=
ac_cv_header_dlfcn_h=yes
ac_cv_header_inttypes_h=yes
ac_cv_header_memory_h=yes
ac_cv_header_stdc=yes
ac_cv_header_stdint_h=yes
ac_cv_header_stdlib_h=yes
ac_cv_header_string_h=yes
ac_cv_header_strings_h=yes
ac_cv_header_sys_stat_h=yes
ac_cv_header_sys_types_h=yes
ac_cv_header_unistd_h=yes
ac_cv_host=x86_64-apple-darwin16.7.0
ac_cv_lib_ws2_32_strchr=no
ac_cv_objext=o
ac_cv_path_EGREP='/usr/bin/grep -E'
ac_cv_path_FGREP='/usr/bin/grep -F'
ac_cv_path_GREP=/usr/bin/grep
ac_cv_path_LIBGCRYPT_CONFIG=/usr/local/bin/libgcrypt-config
ac_cv_path_SED=/usr/bin/sed
ac_cv_path_ac_pt_PKG_CONFIG=/usr/local/bin/pkg-config
ac_cv_path_install='/usr/local/bin/ginstall -c'
ac_cv_path_lt_DD=/bin/dd
ac_cv_path_mkdir=/usr/local/bin/gmkdir
ac_cv_prog_AWK=awk
ac_cv_prog_CPP='gcc -E'
ac_cv_prog_ac_ct_AR=ar
ac_cv_prog_ac_ct_CC=gcc
ac_cv_prog_ac_ct_DSYMUTIL=dsymutil
ac_cv_prog_ac_ct_LIPO=lipo
ac_cv_prog_ac_ct_NMEDIT=nmedit
ac_cv_prog_ac_ct_OBJDUMP=objdump
ac_cv_prog_ac_ct_OTOOL=otool
ac_cv_prog_ac_ct_RANLIB=ranlib
ac_cv_prog_ac_ct_STRIP=strip
ac_cv_prog_cc_c89=
ac_cv_prog_cc_c99=
ac_cv_prog_cc_g=yes
ac_cv_prog_make_make_set=yes
am_cv_CC_dependencies_compiler_type=gcc3
am_cv_ar_interface=ar
am_cv_make_support_nested_variables=yes
am_cv_prog_cc_c_o=yes
lt_cv_apple_cc_single_mod=yes
lt_cv_ar_at_file=no
lt_cv_deplibs_check_method=pass_all
lt_cv_file_magic_cmd='$MAGIC_CMD'
lt_cv_file_magic_test_file=
lt_cv_ld_exported_symbols_list=yes
lt_cv_ld_force_load=yes
lt_cv_ld_reload_flag=-r
lt_cv_nm_interface='BSD nm'
lt_cv_objdir=.libs
lt_cv_path_LD=/Applications/Xcode.app/Contents/Developer/Toolchains/XcodeDefault.xctoolchain/usr/bin/ld
lt_cv_path_NM='/usr/bin/nm -B'
lt_cv_path_mainfest_tool=no
lt_cv_prog_compiler_c_o=yes
lt_cv_prog_compiler_pic='-fno-common -DPIC'
lt_cv_prog_compiler_pic_works=yes
lt_cv_prog_compiler_rtti_exceptions=yes
lt_cv_prog_compiler_static_works=no
lt_cv_prog_gnu_ld=no
lt_cv_sharedlib_from_linklib_cmd='printf %s\n'
lt_cv_sys_global_symbol_pipe='sed -n -e '\''s/^.*[	 ]\([BCDEGRST][BCDEGRST]*\)[	 ][	 ]*_\([_A-Za-z][_A-Za-z0-9]*\)$/\1 _\2 \2/p'\'' | sed '\''/ __gnu_lto/d'\'''
lt_cv_sys_global_symbol_to_c_name_address='sed -n -e '\''s/^: \(.*\) .*$/  {"\1", (void *) 0},/p'\'' -e '\''s/^[BCDEGRST][BCDEGRST]* .* \(.*\)$/  {"\1", (void *) \&\1},/p'\'''
lt_cv_sys_global_symbol_to_c_name_address_lib_prefix='sed -n -e '\''s/^: \(.*\) .*$/  {"\1", (void *) 0},/p'\'' -e '\''s/^[BCDEGRST][BCDEGRST]* .* \(lib.*\)$/  {"\1", (void *) \&\1},/p'\'' -e '\''s/^[BCDEGRST][BCDEGRST]* .* \(.*\)$/  {"lib\1", (void *) \&\1},/p'\'''
lt_cv_sys_global_symbol_to_cdecl='sed -n -e '\''s/^T .* \(.*\)$/extern int \1();/p'\'' -e '\''s/^[BCDEGRST][BCDEGRST]* .* \(.*\)$/extern char \1;/p'\'''
lt_cv_sys_global_symbol_to_import=
lt_cv_sys_max_cmd_len=196608
lt_cv_to_host_file_cmd=func_convert_file_noop
lt_cv_to_tool_file_cmd=func_convert_file_noop
lt_cv_truncate_bin='/bin/dd bs=4096 count=1'
pkg_cv_JANSSON_CFLAGS=-I/usr/local/Cellar/jansson/2.10/include
pkg_cv_JANSSON_LIBS='-L/usr/local/Cellar/jansson/2.10/lib -ljansson'
pkg_cv_libbase58_CFLAGS=-I/usr/local/include
pkg_cv_libbase58_LIBS='-L/usr/local/lib -lbase58'

## ----------------- ##
## Output variables. ##
## ----------------- ##

ACLOCAL='${SHELL} /Users/ryanhuh/DEV/MINER/libblkmaker/missing aclocal-1.16'
AMDEPBACKSLASH='\'
AMDEP_FALSE='#'
AMDEP_TRUE=''
AMTAR='$${TAR-tar}'
AM_BACKSLASH='\'
AM_DEFAULT_V='$(AM_DEFAULT_VERBOSITY)'
AM_DEFAULT_VERBOSITY='0'
AM_V='$(V)'
AR='ar'
AUTOCONF='${SHELL} /Users/ryanhuh/DEV/MINER/libblkmaker/missing autoconf'
AUTOHEADER='${SHELL} /Users/ryanhuh/DEV/MINER/libblkmaker/missing autoheader'
AUTOMAKE='${SHELL} /Users/ryanhuh/DEV/MINER/libblkmaker/missing automake-1.16'
AWK='awk'
CC='gcc'
CCDEPMODE='depmode=gcc3'
CFLAGS='-g -O2'
CPP='gcc -E'
CPPFLAGS=''
CYGPATH_W='echo'
DEFS='-DPACKAGE_NAME=\"libblkmaker\" -DPACKAGE_TARNAME=\"libblkmaker\" -DPACKAGE_VERSION=\"0.6.0\" -DPACKAGE_STRING=\"libblkmaker\ 0.6.0\" -DPACKAGE_BUGREPORT=\"luke_libblkmaker@dashjr.org\" -DPACKAGE_URL=\"http://gitorious.org/bitcoin/libblkmaker\" -DPACKAGE=\"libblkmaker\" -DVERSION=\"0.6.0\" -DSTDC_HEADERS=1 -DHAVE_SYS_TYPES_H=1 -DHAVE_SYS_STAT_H=1 -DHAVE_STDLIB_H=1 -DHAVE_STRING_H=1 -DHAVE_MEMORY_H=1 -DHAVE_STRINGS_H=1 -DHAVE_INTTYPES_H=1 -DHAVE_STDINT_H=1 -DHAVE_UNISTD_H=1 -DHAVE_DLFCN_H=1 -DLT_OBJDIR=\".libs/\"'
DEPDIR='.deps'
DLLTOOL='false'
DSYMUTIL='dsymutil'
DUMPBIN=''
ECHO_C='\c'
ECHO_N=''
ECHO_T=''
EGREP='/usr/bin/grep -E'
EXEEXT=''
FGREP='/usr/bin/grep -F'
GREP='/usr/bin/grep'
HAVE_LIBGCRYPT_FALSE='#'
HAVE_LIBGCRYPT_TRUE=''
INSTALL_DATA='${INSTALL} -m 644'
INSTALL_PROGRAM='${INSTALL}'
INSTALL_SCRIPT='${INSTALL}'
INSTALL_STRIP_PROGRAM='$(install_sh) -c -s'
JANSSON_CFLAGS='-I/usr/local/Cellar/jansson/2.10/include'
JANSSON_LIBS='-L/usr/local/Cellar/jansson/2.10/lib -ljansson'
LD='/Applications/Xcode.app/Contents/Developer/Toolchains/XcodeDefault.xctoolchain/usr/bin/ld'
LDFLAGS=''
LIBBLKMAKER_API_VERSION='0.1'
LIBBLKMAKER_SO_VERSION='8:0:0'
LIBGCRYPT_CFLAGS='-I/usr/local/opt/libgcrypt/include -I/usr/local/opt/libgpg-error/include'
LIBGCRYPT_CONFIG='/usr/local/bin/libgcrypt-config'
LIBGCRYPT_LIBS='-L/usr/local/opt/libgcrypt/lib -lgcrypt -L/usr/local/opt/libgpg-error/lib -lgpg-error'
LIBOBJS=''
LIBS=''
LIBTOOL='$(SHELL) $(top_builddir)/libtool'
LIPO='lipo'
LN_S='ln -s'
LTLIBOBJS=''
LT_SYS_LIBRARY_PATH=''
MAKEINFO='${SHELL} /Users/ryanhuh/DEV/MINER/libblkmaker/missing makeinfo'
MANIFEST_TOOL=':'
MKDIR_P='/usr/local/bin/gmkdir -p'
NM='/usr/bin/nm -B'
NMEDIT='nmedit'
OBJDUMP='objdump'
OBJEXT='o'
OTOOL64=':'
OTOOL='otool'
PACKAGE='libblkmaker'
PACKAGE_BUGREPORT='luke_libblkmaker@dashjr.org'
PACKAGE_NAME='libblkmaker'
PACKAGE_STRING='libblkmaker 0.6.0'
PACKAGE_TARNAME='libblkmaker'
PACKAGE_URL='http://gitorious.org/bitcoin/libblkmaker'
PACKAGE_VERSION='0.6.0'
PATH_SEPARATOR=':'
PKG_CONFIG='/usr/local/bin/pkg-config'
PKG_CONFIG_LIBDIR=''
PKG_CONFIG_PATH=''
RANLIB='ranlib'
SED='/usr/bin/sed'
SET_MAKE=''
SHELL='/bin/sh'
STRIP='strip'
VERSION='0.6.0'
ac_ct_AR='ar'
ac_ct_CC='gcc'
ac_ct_DUMPBIN=''
am__EXEEXT_FALSE=''
am__EXEEXT_TRUE='#'
am__fastdepCC_FALSE='#'
am__fastdepCC_TRUE=''
am__include='include'
am__isrc=''
am__leading_dot='.'
am__nodep='_no'
am__quote=''
am__tar='$${TAR-tar} chof - "$$tardir"'
am__untar='$${TAR-tar} xf -'
bindir='${exec_prefix}/bin'
build='x86_64-apple-darwin16.7.0'
build_alias=''
build_cpu='x86_64'
build_os='darwin16.7.0'
build_vendor='apple'
datadir='${datarootdir}'
datarootdir='${prefix}/share'
docdir='${datarootdir}/doc/${PACKAGE_TARNAME}'
dvidir='${docdir}'
exec_prefix='${prefix}'
host='x86_64-apple-darwin16.7.0'
host_alias=''
host_cpu='x86_64'
host_os='darwin16.7.0'
host_vendor='apple'
htmldir='${docdir}'
includedir='${prefix}/include'
infodir='${datarootdir}/info'
install_sh='${SHELL} /Users/ryanhuh/DEV/MINER/libblkmaker/install-sh'
libbase58_CFLAGS='-I/usr/local/include'
libbase58_LIBS='-L/usr/local/lib -lbase58'
libdir='${exec_prefix}/lib'
libexecdir='${exec_prefix}/libexec'
localedir='${datarootdir}/locale'
localstatedir='${prefix}/var'
mandir='${datarootdir}/man'
mkdir_p='$(MKDIR_P)'
oldincludedir='/usr/include'
pdfdir='${docdir}'
prefix='/usr/local'
program_transform_name='s,x,x,'
psdir='${docdir}'
sbindir='${exec_prefix}/sbin'
sharedstatedir='${prefix}/com'
sysconfdir='${prefix}/etc'
target_alias=''

## ----------- ##
## confdefs.h. ##
## ----------- ##

/* confdefs.h */
#define PACKAGE_NAME "libblkmaker"
#define PACKAGE_TARNAME "libblkmaker"
#define PACKAGE_VERSION "0.6.0"
#define PACKAGE_STRING "libblkmaker 0.6.0"
#define PACKAGE_BUGREPORT "luke_libblkmaker@dashjr.org"
#define PACKAGE_URL "http://gitorious.org/bitcoin/libblkmaker"
#define PACKAGE "libblkmaker"
#define VERSION "0.6.0"
#define STDC_HEADERS 1
#define HAVE_SYS_TYPES_H 1
#define HAVE_SYS_STAT_H 1
#define HAVE_STDLIB_H 1
#define HAVE_STRING_H 1
#define HAVE_MEMORY_H 1
#define HAVE_STRINGS_H 1
#define HAVE_INTTYPES_H 1
#define HAVE_STDINT_H 1
#define HAVE_UNISTD_H 1
#define HAVE_DLFCN_H 1
#define LT_OBJDIR ".libs/"

configure: exit 0

## ---------------------- ##
## Running config.status. ##
## ---------------------- ##

This file was extended by libblkmaker config.status 0.6.0, which was
generated by GNU Autoconf 2.69.  Invocation command line was

  CONFIG_FILES    = 
  CONFIG_HEADERS  = 
  CONFIG_LINKS    = 
  CONFIG_COMMANDS = 
  $ ./config.status Makefile depfiles

on RyanMac.local

config.status:1019: creating Makefile
config.status:1191: executing depfiles commands
config.status:1268: cd .       && sed -e '/# am--include-marker/d' Makefile         | make -f - am--depfiles
make[1]: Nothing to be done for `am--depfiles'.
config.status:1273: $? = 0
